[1m============================= test session starts ==============================[0m
platform linux -- Python 3.14.4, pytest-9.0.2, pluggy-1.6.0 -- /usr/bin/python
cachedir: .pytest_cache
rootdir: /run/media/turin/Data/projects/stacks/IronSilo
configfile: pyproject.toml
plugins: anyio-4.13.0, cov-7.1.0, asyncio-1.3.0
asyncio: mode=Mode.STRICT, debug=False, asyncio_default_fixture_loop_scope=None, asyncio_default_test_loop_scope=function
[1mcollecting ... [0mcollected 68 items / 21 errors / 3 skipped

==================================== ERRORS ====================================
[31m[1m_________ ERROR collecting tests/integration/test_proxy_integration.py _________[0m
[31mImportError while importing test module '/run/media/turin/Data/projects/stacks/IronSilo/tests/integration/test_proxy_integration.py'.
Hint: make sure your test modules/packages have valid Python names.
Traceback:
/usr/lib/python3.14/importlib/__init__.py:88: in import_module
    return _bootstrap._gcd_import(name[level:], package, level)
           ^^^^^^^^^^^^^^^^^^^^^^^^^^^^^^^^^^^^^^^^^^^^^^^^^^^^
tests/integration/test_proxy_integration.py:25: in <module>
    from proxy.proxy import app, _process_messages, _compress_content
E   ModuleNotFoundError: No module named 'proxy'[0m
[31m[1m_______ ERROR collecting tests/integration/test_security_integration.py ________[0m
[31mImportError while importing test module '/run/media/turin/Data/projects/stacks/IronSilo/tests/integration/test_security_integration.py'.
Hint: make sure your test modules/packages have valid Python names.
Traceback:
/usr/lib/python3.14/importlib/__init__.py:88: in import_module
    return _bootstrap._gcd_import(name[level:], package, level)
           ^^^^^^^^^^^^^^^^^^^^^^^^^^^^^^^^^^^^^^^^^^^^^^^^^^^^
tests/integration/test_security_integration.py:18: in <module>
    from security.encryption import AESEncryptor, create_key_fingerprint, verify_key_integrity
E   ModuleNotFoundError: No module named 'security'[0m
[31m[1m______________ ERROR collecting tests/unit/test_cache_kv_store.py ______________[0m
[31mImportError while importing test module '/run/media/turin/Data/projects/stacks/IronSilo/tests/unit/test_cache_kv_store.py'.
Hint: make sure your test modules/packages have valid Python names.
Traceback:
/usr/lib/python3.14/importlib/__init__.py:88: in import_module
    return _bootstrap._gcd_import(name[level:], package, level)
           ^^^^^^^^^^^^^^^^^^^^^^^^^^^^^^^^^^^^^^^^^^^^^^^^^^^^
tests/unit/test_cache_kv_store.py:27: in <module>
    from cache.kv_store import (
E   ModuleNotFoundError: No module named 'cache'[0m
[31m[1m____________ ERROR collecting tests/unit/test_cache_kv_store_100.py ____________[0m
[31mImportError while importing test module '/run/media/turin/Data/projects/stacks/IronSilo/tests/unit/test_cache_kv_store_100.py'.
Hint: make sure your test modules/packages have valid Python names.
Traceback:
/usr/lib/python3.14/importlib/__init__.py:88: in import_module
    return _bootstrap._gcd_import(name[level:], package, level)
           ^^^^^^^^^^^^^^^^^^^^^^^^^^^^^^^^^^^^^^^^^^^^^^^^^^^^
tests/unit/test_cache_kv_store_100.py:14: in <module>
    from cache.kv_store import (
E   ModuleNotFoundError: No module named 'cache'[0m
[31m[1m_________________ ERROR collecting tests/unit/test_detector.py _________________[0m
[31mImportError while importing test module '/run/media/turin/Data/projects/stacks/IronSilo/tests/unit/test_detector.py'.
Hint: make sure your test modules/packages have valid Python names.
Traceback:
/usr/lib/python3.14/importlib/__init__.py:88: in import_module
    return _bootstrap._gcd_import(name[level:], package, level)
           ^^^^^^^^^^^^^^^^^^^^^^^^^^^^^^^^^^^^^^^^^^^^^^^^^^^^
tests/unit/test_detector.py:18: in <module>
    from setup.detector import (
E   ModuleNotFoundError: No module named 'setup'[0m
[31m[1m_______________ ERROR collecting tests/unit/test_file_watcher.py _______________[0m
[31mImportError while importing test module '/run/media/turin/Data/projects/stacks/IronSilo/tests/unit/test_file_watcher.py'.
Hint: make sure your test modules/packages have valid Python names.
Traceback:
/usr/lib/python3.14/importlib/__init__.py:88: in import_module
    return _bootstrap._gcd_import(name[level:], package, level)
           ^^^^^^^^^^^^^^^^^^^^^^^^^^^^^^^^^^^^^^^^^^^^^^^^^^^^
tests/unit/test_file_watcher.py:20: in <module>
    from watchdog.events import FileCreatedEvent, FileModifiedEvent
E   ModuleNotFoundError: No module named 'watchdog'[0m
[31m[1m_____________ ERROR collecting tests/unit/test_key_manager_100.py ______________[0m
[31mImportError while importing test module '/run/media/turin/Data/projects/stacks/IronSilo/tests/unit/test_key_manager_100.py'.
Hint: make sure your test modules/packages have valid Python names.
Traceback:
/usr/lib/python3.14/importlib/__init__.py:88: in import_module
    return _bootstrap._gcd_import(name[level:], package, level)
           ^^^^^^^^^^^^^^^^^^^^^^^^^^^^^^^^^^^^^^^^^^^^^^^^^^^^
tests/unit/test_key_manager_100.py:14: in <module>
    from security.encryption import AESEncryptor, KeyError
E   ModuleNotFoundError: No module named 'security'[0m
[31m[1m______________ ERROR collecting tests/unit/test_mcp_framework.py _______________[0m
[31mImportError while importing test module '/run/media/turin/Data/projects/stacks/IronSilo/tests/unit/test_mcp_framework.py'.
Hint: make sure your test modules/packages have valid Python names.
Traceback:
/usr/lib/python3.14/importlib/__init__.py:88: in import_module
    return _bootstrap._gcd_import(name[level:], package, level)
           ^^^^^^^^^^^^^^^^^^^^^^^^^^^^^^^^^^^^^^^^^^^^^^^^^^^^
tests/unit/test_mcp_framework.py:15: in <module>
    from mcp.framework import MCPServerBase, MCPToolError, create_mcp_app
E   ModuleNotFoundError: No module named 'mcp.framework'[0m
[31m[1m____________ ERROR collecting tests/unit/test_mcp_framework_100.py _____________[0m
[31mImportError while importing test module '/run/media/turin/Data/projects/stacks/IronSilo/tests/unit/test_mcp_framework_100.py'.
Hint: make sure your test modules/packages have valid Python names.
Traceback:
/usr/lib/python3.14/importlib/__init__.py:88: in import_module
    return _bootstrap._gcd_import(name[level:], package, level)
           ^^^^^^^^^^^^^^^^^^^^^^^^^^^^^^^^^^^^^^^^^^^^^^^^^^^^
tests/unit/test_mcp_framework_100.py:11: in <module>
    from mcp.models import (
E   ModuleNotFoundError: No module named 'mcp.models'[0m
[31m[1m_______________ ERROR collecting tests/unit/test_mcp_servers.py ________________[0m
[31mImportError while importing test module '/run/media/turin/Data/projects/stacks/IronSilo/tests/unit/test_mcp_servers.py'.
Hint: make sure your test modules/packages have valid Python names.
Traceback:
/usr/lib/python3.14/importlib/__init__.py:88: in import_module
    return _bootstrap._gcd_import(name[level:], package, level)
           ^^^^^^^^^^^^^^^^^^^^^^^^^^^^^^^^^^^^^^^^^^^^^^^^^^^^
tests/unit/test_mcp_servers.py:19: in <module>
    from mcp.framework import MCPServerBase, MCPToolError
E   ModuleNotFoundError: No module named 'mcp.framework'[0m
[31m[1m_____________ ERROR collecting tests/unit/test_mcp_servers_100.py ______________[0m
[31mImportError while importing test module '/run/media/turin/Data/projects/stacks/IronSilo/tests/unit/test_mcp_servers_100.py'.
Hint: make sure your test modules/packages have valid Python names.
Traceback:
/usr/lib/python3.14/importlib/__init__.py:88: in import_module
    return _bootstrap._gcd_import(name[level:], package, level)
           ^^^^^^^^^^^^^^^^^^^^^^^^^^^^^^^^^^^^^^^^^^^^^^^^^^^^
tests/unit/test_mcp_servers_100.py:17: in <module>
    from mcp.framework import MCPServerBase, MCPToolError
E   ModuleNotFoundError: No module named 'mcp.framework'[0m
[31m[1m__________ ERROR collecting tests/unit/test_pipeline_agent_bridge.py ___________[0m
[31mImportError while importing test module '/run/media/turin/Data/projects/stacks/IronSilo/tests/unit/test_pipeline_agent_bridge.py'.
Hint: make sure your test modules/packages have valid Python names.
Traceback:
/usr/lib/python3.14/importlib/__init__.py:88: in import_module
    return _bootstrap._gcd_import(name[level:], package, level)
           ^^^^^^^^^^^^^^^^^^^^^^^^^^^^^^^^^^^^^^^^^^^^^^^^^^^^
tests/unit/test_pipeline_agent_bridge.py:23: in <module>
    from pipeline.agent_bridge import (
E   ModuleNotFoundError: No module named 'pipeline'[0m
[31m[1m___________ ERROR collecting tests/unit/test_pipeline_task_schema.py ___________[0m
[31mImportError while importing test module '/run/media/turin/Data/projects/stacks/IronSilo/tests/unit/test_pipeline_task_schema.py'.
Hint: make sure your test modules/packages have valid Python names.
Traceback:
/usr/lib/python3.14/importlib/__init__.py:88: in import_module
    return _bootstrap._gcd_import(name[level:], package, level)
           ^^^^^^^^^^^^^^^^^^^^^^^^^^^^^^^^^^^^^^^^^^^^^^^^^^^^
tests/unit/test_pipeline_task_schema.py:21: in <module>
    from pipeline.task_schema import (
E   ModuleNotFoundError: No module named 'pipeline'[0m
[31m[1m_____________ ERROR collecting tests/unit/test_proxy_classifier.py _____________[0m
[31mImportError while importing test module '/run/media/turin/Data/projects/stacks/IronSilo/tests/unit/test_proxy_classifier.py'.
Hint: make sure your test modules/packages have valid Python names.
Traceback:
/usr/lib/python3.14/importlib/__init__.py:88: in import_module
    return _bootstrap._gcd_import(name[level:], package, level)
           ^^^^^^^^^^^^^^^^^^^^^^^^^^^^^^^^^^^^^^^^^^^^^^^^^^^^
tests/unit/test_proxy_classifier.py:13: in <module>
    from proxy.classifier import (
E   ModuleNotFoundError: No module named 'proxy'[0m
[31m[1m_______________ ERROR collecting tests/unit/test_proxy_models.py _______________[0m
[31mImportError while importing test module '/run/media/turin/Data/projects/stacks/IronSilo/tests/unit/test_proxy_models.py'.
Hint: make sure your test modules/packages have valid Python names.
Traceback:
/usr/lib/python3.14/importlib/__init__.py:88: in import_module
    return _bootstrap._gcd_import(name[level:], package, level)
           ^^^^^^^^^^^^^^^^^^^^^^^^^^^^^^^^^^^^^^^^^^^^^^^^^^^^
tests/unit/test_proxy_models.py:13: in <module>
    from proxy.models import (
E   ModuleNotFoundError: No module named 'proxy'[0m
[31m[1m_______________ ERROR collecting tests/unit/test_proxy_proxy.py ________________[0m
[31mImportError while importing test module '/run/media/turin/Data/projects/stacks/IronSilo/tests/unit/test_proxy_proxy.py'.
Hint: make sure your test modules/packages have valid Python names.
Traceback:
/usr/lib/python3.14/importlib/__init__.py:88: in import_module
    return _bootstrap._gcd_import(name[level:], package, level)
           ^^^^^^^^^^^^^^^^^^^^^^^^^^^^^^^^^^^^^^^^^^^^^^^^^^^^
tests/unit/test_proxy_proxy.py:25: in <module>
    from proxy.models import (
E   ModuleNotFoundError: No module named 'proxy'[0m
[31m[1m_____________ ERROR collecting tests/unit/test_proxy_proxy_100.py ______________[0m
[31mImportError while importing test module '/run/media/turin/Data/projects/stacks/IronSilo/tests/unit/test_proxy_proxy_100.py'.
Hint: make sure your test modules/packages have valid Python names.
Traceback:
/usr/lib/python3.14/importlib/__init__.py:88: in import_module
    return _bootstrap._gcd_import(name[level:], package, level)
           ^^^^^^^^^^^^^^^^^^^^^^^^^^^^^^^^^^^^^^^^^^^^^^^^^^^^
tests/unit/test_proxy_proxy_100.py:24: in <module>
    from proxy.models import (
E   ModuleNotFoundError: No module named 'proxy'[0m
[31m[1m_________________ ERROR collecting tests/unit/test_security.py _________________[0m
[31mImportError while importing test module '/run/media/turin/Data/projects/stacks/IronSilo/tests/unit/test_security.py'.
Hint: make sure your test modules/packages have valid Python names.
Traceback:
/usr/lib/python3.14/importlib/__init__.py:88: in import_module
    return _bootstrap._gcd_import(name[level:], package, level)
           ^^^^^^^^^^^^^^^^^^^^^^^^^^^^^^^^^^^^^^^^^^^^^^^^^^^^
tests/unit/test_security.py:22: in <module>
    from security.encryption import (
E   ModuleNotFoundError: No module named 'security'[0m
[31m[1m__________________ ERROR collecting tests/unit/test_setup.py ___________________[0m
[31mImportError while importing test module '/run/media/turin/Data/projects/stacks/IronSilo/tests/unit/test_setup.py'.
Hint: make sure your test modules/packages have valid Python names.
Traceback:
/usr/lib/python3.14/importlib/__init__.py:88: in import_module
    return _bootstrap._gcd_import(name[level:], package, level)
           ^^^^^^^^^^^^^^^^^^^^^^^^^^^^^^^^^^^^^^^^^^^^^^^^^^^^
tests/unit/test_setup.py:18: in <module>
    from setup.configurator import Configurator, IronSiloConfig, generate_docker_compose_env
E   ModuleNotFoundError: No module named 'setup'[0m
[31m[1m___________________ ERROR collecting tests/unit/test_tui.py ____________________[0m
[31mImportError while importing test module '/run/media/turin/Data/projects/stacks/IronSilo/tests/unit/test_tui.py'.
Hint: make sure your test modules/packages have valid Python names.
Traceback:
/usr/lib/python3.14/importlib/__init__.py:88: in import_module
    return _bootstrap._gcd_import(name[level:], package, level)
           ^^^^^^^^^^^^^^^^^^^^^^^^^^^^^^^^^^^^^^^^^^^^^^^^^^^^
tests/unit/test_tui.py:16: in <module>
    from tui import __version__, main, monitor
E   ModuleNotFoundError: No module named 'tui'[0m
[31m[1m__________________ ERROR collecting tests/unit/test_wizard.py __________________[0m
[31mImportError while importing test module '/run/media/turin/Data/projects/stacks/IronSilo/tests/unit/test_wizard.py'.
Hint: make sure your test modules/packages have valid Python names.
Traceback:
/usr/lib/python3.14/importlib/__init__.py:88: in import_module
    return _bootstrap._gcd_import(name[level:], package, level)
           ^^^^^^^^^^^^^^^^^^^^^^^^^^^^^^^^^^^^^^^^^^^^^^^^^^^^
tests/unit/test_wizard.py:17: in <module>
    from setup.wizard import (
E   ModuleNotFoundError: No module named 'setup'[0m
[36m[1m=========================== short test summary info ============================[0m
[31mERROR[0m tests/integration/test_proxy_integration.py
[31mERROR[0m tests/integration/test_security_integration.py
[31mERROR[0m tests/unit/test_cache_kv_store.py
[31mERROR[0m tests/unit/test_cache_kv_store_100.py
[31mERROR[0m tests/unit/test_detector.py
[31mERROR[0m tests/unit/test_file_watcher.py
[31mERROR[0m tests/unit/test_key_manager_100.py
[31mERROR[0m tests/unit/test_mcp_framework.py
[31mERROR[0m tests/unit/test_mcp_framework_100.py
[31mERROR[0m tests/unit/test_mcp_servers.py
[31mERROR[0m tests/unit/test_mcp_servers_100.py
[31mERROR[0m tests/unit/test_pipeline_agent_bridge.py
[31mERROR[0m tests/unit/test_pipeline_task_schema.py
[31mERROR[0m tests/unit/test_proxy_classifier.py
[31mERROR[0m tests/unit/test_proxy_models.py
[31mERROR[0m tests/unit/test_proxy_proxy.py
[31mERROR[0m tests/unit/test_proxy_proxy_100.py
[31mERROR[0m tests/unit/test_security.py
[31mERROR[0m tests/unit/test_setup.py
[31mERROR[0m tests/unit/test_tui.py
[31mERROR[0m tests/unit/test_wizard.py
!!!!!!!!!!!!!!!!!!! Interrupted: 21 errors during collection !!!!!!!!!!!!!!!!!!!
[31m======================== [33m3 skipped[0m, [31m[1m21 errors[0m[31m in 0.38s[0m[31m =========================[0m
